{
    "faa - metagroot": {
        "content": [
            [
                "#                                                                            --- full sequence --- -------------- this domain -------------   hmm coord   ali coord   env coord",
                "# target name        accession   tlen query name           accession   qlen   E-value  score  bias   #  of  c-Evalue  i-Evalue  score  bias  from    to  from    to  from    to  acc description of target",
                "#------------------- ---------- ----- -------------------- ---------- ----- --------- ------ ----- --- --- --------- --------- ------ ----- ----- ----- ----- ----- ----- ----- ---- ---------------------",
                "T1024                -            408 F101326              -            425   9.3e-13   34.9  26.2   1   1   1.8e-12   3.6e-12   33.0  26.2    13   351    18   340    12   407 0.74 LmrP, , 408 residues|",
                "T1024                -            408 F226054              -            421   1.3e-13   37.4  26.4   1   1   8.6e-14   1.7e-13   37.0  26.4     2   404     2   404     1   408 0.73 LmrP, , 408 residues|",
                "T1024                -            408 F240027              -            384   8.4e-10   25.0   5.2   1   1     8e-10   1.6e-09   24.1   5.2    26   163    26   160     6   178 0.88 LmrP, , 408 residues|",
                "T1024                -            408 F287588              -            413     2e-10   26.9  23.3   1   1   1.6e-10   3.1e-10   26.3  23.3    48   363    42   370    30   406 0.74 LmrP, , 408 residues|",
                "T1024                -            408 F294204              -            387   3.8e-06   12.8  25.9   1   1   2.8e-06   5.6e-06   12.3  25.9    16   372    41   406    30   408 0.76 LmrP, , 408 residues|"
            ],
            [
                {
                    "DOMAIN_ANNOTATION:HMMSEARCH_METAGROOT": {
                        "hmmer": 3.4
                    }
                },
                {
                    "DOMAIN_ANNOTATION:ARIA2_METAGROOT": {
                        "aria2": "1.36.0"
                    }
                }
            ]
        ],
        "timestamp": "2026-03-30T17:28:28.71093",
        "meta": {
            "nf-test": "0.9.4",
            "nextflow": "25.10.4"
        }
    },
    "faa - domain annotation": {
        "content": [
            [
                "#                                                                            --- full sequence --- -------------- this domain -------------   hmm coord   ali coord   env coord",
                "# target name        accession   tlen query name           accession   qlen   E-value  score  bias   #  of  c-Evalue  i-Evalue  score  bias  from    to  from    to  from    to  acc description of target",
                "#------------------- ---------- ----- -------------------- ---------- ----- --------- ------ ----- --- --- --------- --------- ------ ----- ----- ----- ----- ----- ----- ----- ---- ---------------------",
                "T1026                -            172 Nanovirus_coat       PF04660.18   177   1.2e-54  172.1   0.5   1   1   6.7e-55   1.3e-54  172.0   0.5     3   177     4   172     2   172 0.94 FBNSV, , 172 residues|",
                "T1026                -            172 PUA_NSUN2            PF25378.2     87   1.8e-05   12.2   0.0   1   1   1.3e-05   2.7e-05   11.6   0.0    40    81    68   111    40   116 0.89 FBNSV, , 172 residues|",
                "T1024                -            408 MFS_1                PF07690.22   347   6.7e-35  107.6  58.0   1   2   1.4e-32   2.9e-32   98.9  38.6     4   346    17   365    15   366 0.78 LmrP, , 408 residues|",
                "T1024                -            408 MFS_1                PF07690.22   347   6.7e-35  107.6  58.0   2   2   2.6e-09   5.1e-09   22.5  11.4    38   174   262   399   257   407 0.74 LmrP, , 408 residues|",
                "#"
            ],
            [
                "#                                                                              --- full sequence --- -------------- this domain -------------   hmm coord   ali coord   env coord",
                "# target name        accession   tlen query name             accession   qlen   E-value  score  bias   #  of  c-Evalue  i-Evalue  score  bias  from    to  from    to  from    to  acc description of target",
                "#------------------- ---------- -----   -------------------- ---------- ----- --------- ------ ----- --- --- --------- --------- ------ ----- ----- ----- ----- ----- ----- ----- ---- ---------------------",
                "T1024                -            408 1.20.1250.20-FF-000637 -            179     1e-09   25.7   6.6   1   2   5.2e-10     1e-09   25.7   6.6    17   173    32   191    24   197 0.81 LmrP, , 408 residues|",
                "T1024                -            408 1.20.1250.20-FF-000637 -            179     1e-09   25.7   6.6   2   2     0.046     0.093   -0.2   5.0    30   137   261   367   248   402 0.64 LmrP, , 408 residues|",
                "T1026                -            172 1.10.238.10-FF-000755 -             78   1.2e-05   12.7   0.1   1   2   1.6e-05   3.2e-05   11.3   0.0    16    54    39    79    29    90 0.73 FBNSV, , 172 residues|",
                "T1026                -            172 1.10.238.10-FF-000755 -             78   1.2e-05   12.7   0.1   2   2       0.3       0.6   -2.4   0.0    38    49   102   113    97   123 0.74 FBNSV, , 172 residues|",
                "#"
            ],
            [
                {
                    "DOMAIN_ANNOTATION:HMMSEARCH_FUNFAM": {
                        "hmmer": 3.4
                    }
                },
                {
                    "DOMAIN_ANNOTATION:ARIA2_FUNFAM": {
                        "aria2": "1.36.0"
                    }
                },
                {
                    "DOMAIN_ANNOTATION:ARIA2_PFAM": {
                        "aria2": "1.36.0"
                    }
                },
                {
                    "DOMAIN_ANNOTATION:HMMSEARCH_PFAM": {
                        "hmmer": 3.4
                    }
                }
            ]
        ],
        "timestamp": "2026-03-30T17:28:01.729059",
        "meta": {
            "nf-test": "0.9.4",
            "nextflow": "25.10.4"
        }
    },
    "faa - nmpfams": {
        "content": [
            [
                "#                                                                            --- full sequence --- -------------- this domain -------------   hmm coord   ali coord   env coord",
                "# target name        accession   tlen query name           accession   qlen   E-value  score  bias   #  of  c-Evalue  i-Evalue  score  bias  from    to  from    to  from    to  acc description of target",
                "#------------------- ---------- ----- -------------------- ---------- ----- --------- ------ ----- --- --- --------- --------- ------ ----- ----- ----- ----- ----- ----- ----- ---- ---------------------",
                "T1026                -            172 F049289              -             90     1e-05   12.9   0.0   1   1   9.8e-06     2e-05   12.0   0.0    34    76    43    85    33    88 0.93 FBNSV, , 172 residues|",
                "T1024                -            408 F075270              -             57   1.5e-06   15.3   2.4   1   3   0.00095    0.0019    5.3   0.0     6    25    72    91    68    98 0.85 LmrP, , 408 residues|",
                "T1024                -            408 F075270              -             57   1.5e-06   15.3   2.4   2   3      0.36      0.71   -2.9   0.0    42    49   148   155   135   162 0.68 LmrP, , 408 residues|",
                "T1024                -            408 F075270              -             57   1.5e-06   15.3   2.4   3   3   0.00017   0.00033    7.8   0.4    10    48   266   304   257   311 0.89 LmrP, , 408 residues|",
                "T1024                -            408 F093539              -             93   3.1e-05   11.0   0.1   1   4   1.6e-05   3.1e-05   11.0   0.1    57    75    50    68     6    75 0.82 LmrP, , 408 residues|"
            ],
            [
                {
                    "DOMAIN_ANNOTATION:HMMSEARCH_NMPFAMS": {
                        "hmmer": 3.4
                    }
                },
                {
                    "DOMAIN_ANNOTATION:ARIA2_NMPFAMS": {
                        "aria2": "1.36.0"
                    }
                }
            ]
        ],
        "timestamp": "2026-03-13T14:53:51.847817",
        "meta": {
            "nf-test": "0.9.4",
            "nextflow": "25.10.4"
        }
    },
    "faa - pfam_db - skip_funfam": {
        "content": [
            [
                "#                                                                            --- full sequence --- -------------- this domain -------------   hmm coord   ali coord   env coord",
                "# target name        accession   tlen query name           accession   qlen   E-value  score  bias   #  of  c-Evalue  i-Evalue  score  bias  from    to  from    to  from    to  acc description of target",
                "#------------------- ---------- ----- -------------------- ---------- ----- --------- ------ ----- --- --- --------- --------- ------ ----- ----- ----- ----- ----- ----- ----- ---- ---------------------",
                "T1026                -            172 Nanovirus_coat       PF04660.18   177   1.2e-54  172.1   0.5   1   1   6.7e-55   1.3e-54  172.0   0.5     3   177     4   172     2   172 0.94 FBNSV, , 172 residues|",
                "T1026                -            172 PUA_NSUN2            PF25378.2     87   1.8e-05   12.2   0.0   1   1   1.3e-05   2.7e-05   11.6   0.0    40    81    68   111    40   116 0.89 FBNSV, , 172 residues|",
                "T1024                -            408 MFS_1                PF07690.22   347   6.7e-35  107.6  58.0   1   2   1.4e-32   2.9e-32   98.9  38.6     4   346    17   365    15   366 0.78 LmrP, , 408 residues|",
                "T1024                -            408 MFS_1                PF07690.22   347   6.7e-35  107.6  58.0   2   2   2.6e-09   5.1e-09   22.5  11.4    38   174   262   399   257   407 0.74 LmrP, , 408 residues|",
                "#"
            ],
            [
                {
                    "DOMAIN_ANNOTATION:HMMSEARCH_PFAM": {
                        "hmmer": 3.4
                    }
                }
            ]
        ],
        "timestamp": "2026-03-13T14:51:45.461466",
        "meta": {
            "nf-test": "0.9.4",
            "nextflow": "25.10.4"
        }
    },
    "faa - domain annotation - stub": {
        "content": [
            {
                "0": [
                    [
                        {
                            "id": "test"
                        },
                        "test.domtbl.gz:md5,d41d8cd98f00b204e9800998ecf8427e"
                    ]
                ],
                "1": [
                    [
                        {
                            "id": "test"
                        },
                        "test.domtbl.gz:md5,d41d8cd98f00b204e9800998ecf8427e"
                    ]
                ],
                "2": [
                    [
                        {
                            "id": "test"
                        },
                        "test.domtbl.gz:md5,d41d8cd98f00b204e9800998ecf8427e"
                    ]
                ],
                "3": [
                    [
                        {
                            "id": "test"
                        },
                        "test.domtbl.gz:md5,d41d8cd98f00b204e9800998ecf8427e"
                    ]
                ],
                "4": [
                    "versions.yml:md5,046e5161e3e1dff2ab111ddf4bb27331",
                    "versions.yml:md5,160d4c5a5001cfb4ff57b94fc52b67d9",
                    "versions.yml:md5,1b7d208e42364fb87160693faa4e83b9",
                    "versions.yml:md5,35e41735706132967dd94bb636833a4a",
                    "versions.yml:md5,55939a7ab71dab922d448cf99472feeb",
                    "versions.yml:md5,9045f482d64e7666e62932b0578b665e",
                    "versions.yml:md5,a74a0c8fcb741e59bc14424f612b8d09",
                    "versions.yml:md5,f1d8a406d3dcb97a7c15e9c810926de1"
                ],
                "funfam_domains": [
                    [
                        {
                            "id": "test"
                        },
                        "test.domtbl.gz:md5,d41d8cd98f00b204e9800998ecf8427e"
                    ]
                ],
                "metagroot_domains": [
                    [
                        {
                            "id": "test"
                        },
                        "test.domtbl.gz:md5,d41d8cd98f00b204e9800998ecf8427e"
                    ]
                ],
                "nmpfams_domains": [
                    [
                        {
                            "id": "test"
                        },
                        "test.domtbl.gz:md5,d41d8cd98f00b204e9800998ecf8427e"
                    ]
                ],
                "pfam_domains": [
                    [
                        {
                            "id": "test"
                        },
                        "test.domtbl.gz:md5,d41d8cd98f00b204e9800998ecf8427e"
                    ]
                ],
                "versions": [
                    "versions.yml:md5,046e5161e3e1dff2ab111ddf4bb27331",
                    "versions.yml:md5,160d4c5a5001cfb4ff57b94fc52b67d9",
                    "versions.yml:md5,1b7d208e42364fb87160693faa4e83b9",
                    "versions.yml:md5,35e41735706132967dd94bb636833a4a",
                    "versions.yml:md5,55939a7ab71dab922d448cf99472feeb",
                    "versions.yml:md5,9045f482d64e7666e62932b0578b665e",
                    "versions.yml:md5,a74a0c8fcb741e59bc14424f612b8d09",
                    "versions.yml:md5,f1d8a406d3dcb97a7c15e9c810926de1"
                ]
            }
        ],
        "timestamp": "2026-03-30T17:28:37.677345",
        "meta": {
            "nf-test": "0.9.4",
            "nextflow": "25.10.4"
        }
    }
}