{
    "Test Diamond subworkflow -- 0 - BLAST output -- stub": {
        "content": [
            {
                "0": [
                    [
                        {
                            "id": "test",
                            "db": "refseq"
                        },
                        "test.blast:md5,d41d8cd98f00b204e9800998ecf8427e"
                    ]
                ],
                "1": [
                    
                ],
                "2": [
                    
                ],
                "3": [
                    
                ],
                "4": [
                    
                ],
                "5": [
                    
                ],
                "6": [
                    
                ],
                "blast": [
                    [
                        {
                            "id": "test",
                            "db": "refseq"
                        },
                        "test.blast:md5,d41d8cd98f00b204e9800998ecf8427e"
                    ]
                ],
                "daa": [
                    
                ],
                "paf": [
                    
                ],
                "sam": [
                    
                ],
                "tsv": [
                    
                ],
                "txt": [
                    
                ],
                "xml": [
                    
                ]
            }
        ],
        "timestamp": "2026-08-19T19:47:49.699309341",
        "meta": {
            "nf-test": "0.9.5",
            "nextflow": "26.04.6"
        }
    },
    "Test DIAMOND subworkflow success -- 6 - TXT output -- stub - two samples": {
        "content": [
            {
                "0": [
                    
                ],
                "1": [
                    
                ],
                "2": [
                    [
                        {
                            "id": "sample1",
                            "db": "refseq"
                        },
                        "sample1.txt:md5,d41d8cd98f00b204e9800998ecf8427e"
                    ],
                    [
                        {
                            "id": "sample2",
                            "db": "refseq"
                        },
                        "sample2.txt:md5,d41d8cd98f00b204e9800998ecf8427e"
                    ]
                ],
                "3": [
                    
                ],
                "4": [
                    
                ],
                "5": [
                    
                ],
                "6": [
                    
                ],
                "blast": [
                    
                ],
                "daa": [
                    
                ],
                "paf": [
                    
                ],
                "sam": [
                    
                ],
                "tsv": [
                    
                ],
                "txt": [
                    [
                        {
                            "id": "sample1",
                            "db": "refseq"
                        },
                        "sample1.txt:md5,d41d8cd98f00b204e9800998ecf8427e"
                    ],
                    [
                        {
                            "id": "sample2",
                            "db": "refseq"
                        },
                        "sample2.txt:md5,d41d8cd98f00b204e9800998ecf8427e"
                    ]
                ],
                "xml": [
                    
                ]
            }
        ],
        "timestamp": "2026-08-19T19:44:48.388726426",
        "meta": {
            "nf-test": "0.9.5",
            "nextflow": "26.04.6"
        }
    },
    "Test Diamond subworkflow success -- 6 - TXT output - no columns specified -- stub": {
        "content": [
            {
                "0": [
                    
                ],
                "1": [
                    
                ],
                "2": [
                    [
                        {
                            "id": "test",
                            "db": "refseq"
                        },
                        "test.txt:md5,d41d8cd98f00b204e9800998ecf8427e"
                    ]
                ],
                "3": [
                    
                ],
                "4": [
                    
                ],
                "5": [
                    
                ],
                "6": [
                    
                ],
                "blast": [
                    
                ],
                "daa": [
                    
                ],
                "paf": [
                    
                ],
                "sam": [
                    
                ],
                "tsv": [
                    
                ],
                "txt": [
                    [
                        {
                            "id": "test",
                            "db": "refseq"
                        },
                        "test.txt:md5,d41d8cd98f00b204e9800998ecf8427e"
                    ]
                ],
                "xml": [
                    
                ]
            }
        ],
        "timestamp": "2026-08-19T19:47:32.344749385",
        "meta": {
            "nf-test": "0.9.5",
            "nextflow": "26.04.6"
        }
    },
    "Test Diamond subworkflow success -- 6 - TXT output - no columns specified": {
        "content": [
            {
                "0": [
                    
                ],
                "1": [
                    
                ],
                "2": [
                    [
                        {
                            "id": "test",
                            "db": "refseq"
                        },
                        "test.refseq.txt:md5,f58fdf4044f9e4bf42da7e2c05f581f5"
                    ]
                ],
                "3": [
                    
                ],
                "4": [
                    
                ],
                "5": [
                    
                ],
                "6": [
                    
                ],
                "blast": [
                    
                ],
                "daa": [
                    
                ],
                "paf": [
                    
                ],
                "sam": [
                    
                ],
                "tsv": [
                    
                ],
                "txt": [
                    [
                        {
                            "id": "test",
                            "db": "refseq"
                        },
                        "test.refseq.txt:md5,f58fdf4044f9e4bf42da7e2c05f581f5"
                    ]
                ],
                "xml": [
                    
                ]
            }
        ],
        "timestamp": "2026-09-03T20:33:41.44907526",
        "meta": {
            "nf-test": "0.9.5",
            "nextflow": "26.04.6"
        }
    },
    "Test Diamond subworkflow -- 6 - TXT output - with columns -- stub": {
        "content": [
            {
                "0": [
                    
                ],
                "1": [
                    
                ],
                "2": [
                    [
                        {
                            "id": "test",
                            "db": "refseq"
                        },
                        "test.txt:md5,d41d8cd98f00b204e9800998ecf8427e"
                    ]
                ],
                "3": [
                    
                ],
                "4": [
                    
                ],
                "5": [
                    
                ],
                "6": [
                    
                ],
                "blast": [
                    
                ],
                "daa": [
                    
                ],
                "paf": [
                    
                ],
                "sam": [
                    
                ],
                "tsv": [
                    
                ],
                "txt": [
                    [
                        {
                            "id": "test",
                            "db": "refseq"
                        },
                        "test.txt:md5,d41d8cd98f00b204e9800998ecf8427e"
                    ]
                ],
                "xml": [
                    
                ]
            }
        ],
        "timestamp": "2026-08-19T19:47:41.118581828",
        "meta": {
            "nf-test": "0.9.5",
            "nextflow": "26.04.6"
        }
    }
}