{
    "-profile test": {
        "content": [
            19,
            {
                "ARIA2": {
                    "aria2": "1.36.0"
                },
                "ARIA2_FUNFAM": {
                    "aria2": "1.36.0"
                },
                "ARIA2_NMPFAMS": {
                    "aria2": "1.36.0"
                },
                "ARIA2_PFAM": {
                    "aria2": "1.36.0"
                },
                "SEQFU_STATS_AFTER": {
                    "seqfu": "1.22.3"
                },
                "SEQFU_STATS_BEFORE": {
                    "seqfu": "1.22.3"
                },
                "SEQKIT_RMDUP": {
                    "seqkit": "v2.9.0"
                },
                "SEQKIT_SEQ": {
                    "seqkit": "v2.9.0"
                },
                "Workflow": {
                    "nf-core/proteinannotator": "v1.1.0dev"
                }
            },
            [
                "aria2",
                "aria2/nmpfamsdb_test.hmm.gz",
                "downloaded_dbs",
                "downloaded_dbs/Pfam-A_test.hmm.gz",
                "downloaded_dbs/funfam-hmm3-v4_3_0_test.lib.gz",
                "downloaded_dbs/interproscan_db",
                "downloaded_dbs/interproscan_db/hamap",
                "downloaded_dbs/interproscan_db/hamap/2023_05",
                "downloaded_dbs/interproscan_db/hamap/2023_05/hamap.hmm.lib",
                "downloaded_dbs/interproscan_db/hamap/2023_05/hamap.prf",
                "downloaded_dbs/interproscan_db/hamap/2023_05/profiles",
                "downloaded_dbs/interproscan_db/hamap/2023_05/profiles/MF_00457.prf",
                "downloaded_dbs/interproscan_db/hamap/2023_05/profiles/MF_01458.prf",
                "downloaded_dbs/interproscan_db/sfld",
                "downloaded_dbs/interproscan_db/sfld/4",
                "downloaded_dbs/interproscan_db/sfld/4/sfld.hmm",
                "downloaded_dbs/interproscan_db/sfld/4/sfld.msa",
                "downloaded_dbs/interproscan_db/sfld/4/sfld_hierarchy_flat.txt",
                "downloaded_dbs/interproscan_db/sfld/4/sfld_sites.annot",
                "downloaded_dbs/interproscan_db/tigrfam",
                "downloaded_dbs/interproscan_db/tigrfam/15.0",
                "downloaded_dbs/interproscan_db/tigrfam/15.0/TIGRFAMs_15.0_HMM.LIB",
                "downloaded_dbs/interproscan_db/tigrfam/15.0/TIGRFAMs_HMM.LIB",
                "downloaded_dbs/interproscan_test.tar.gz",
                "pipeline_info",
                "pipeline_info/nf_core_proteinannotator_software_mqc_versions.yml",
                "qc",
                "qc/T1024",
                "qc/T1024/T1024.fasta",
                "qc/T1024/T1024.log",
                "qc/T1024/T1024_after.tsv",
                "qc/T1024/T1024_after_mqc.txt",
                "qc/T1024/T1024_before.tsv",
                "qc/T1024/T1024_before_mqc.txt",
                "qc/T1026",
                "qc/T1026/T1026.fasta",
                "qc/T1026/T1026.log",
                "qc/T1026/T1026_before.tsv",
                "qc/T1026/T1026_before_mqc.txt",
                "qc/l_arginase",
                "qc/l_arginase/l_arginase.fasta",
                "qc/l_arginase/l_arginase.log",
                "qc/l_arginase/l_arginase_after.tsv",
                "qc/l_arginase/l_arginase_after_mqc.txt",
                "qc/l_arginase/l_arginase_before.tsv",
                "qc/l_arginase/l_arginase_before_mqc.txt"
            ],
            [
                "nmpfamsdb_test.hmm.gz:md5,ad7a094618ccfdaeed1c03e93f6abf1e",
                "Pfam-A_test.hmm.gz:md5,a5ab72b2b7bc72c62756684707e2387c",
                "funfam-hmm3-v4_3_0_test.lib.gz:md5,df8b324882e1ceb8f8196155a968ed77",
                "hamap.hmm.lib:md5,8c589a7f459284080e674e79454434d3",
                "hamap.prf:md5,1c9f7eef7704bf307cfaf9f0f2e22153",
                "MF_00457.prf:md5,91ab950fb5c449fef9f0cd235b72e9d9",
                "MF_01458.prf:md5,f43826d1c001200d5d60ca4d97235f96",
                "sfld.hmm:md5,ad6c16bfdd1ec4dc1f13aadaf1b2f1bd",
                "sfld.msa:md5,1ee957899d996426a442ff1ae7737c68",
                "sfld_hierarchy_flat.txt:md5,8c606dcaa55f174547a42606a0f1cd1a",
                "sfld_sites.annot:md5,aa216404da8721f56cae847600170784",
                "TIGRFAMs_15.0_HMM.LIB:md5,64f2b2c9e834b47b17d91bb9a6a0067e",
                "TIGRFAMs_HMM.LIB:md5,543da3f4b65eed9ec393986c6c6ff0ba",
                "interproscan_test.tar.gz:md5,cde88c0cd841c84dc1203e64854c762b",
                "T1024.fasta:md5,aa546680bf58fcb8aeb10e1617e6d5bd",
                "T1024.log:md5,a41135cfe024baaf42f135583fe73f0d",
                "T1024_after.tsv:md5,2daf830aba484edbcf25e811f5769ad0",
                "T1024_after_mqc.txt:md5,23c573ad96f7199ba251c7bacd1c5968",
                "T1024_before.tsv:md5,2daf830aba484edbcf25e811f5769ad0",
                "T1024_before_mqc.txt:md5,23c573ad96f7199ba251c7bacd1c5968",
                "T1026.fasta:md5,ae21f6aa06d0a5cedc121db5dfc343f3",
                "T1026.log:md5,a41135cfe024baaf42f135583fe73f0d",
                "T1026_before.tsv:md5,052ba564eabda203298ffc26ef80b7ab",
                "T1026_before_mqc.txt:md5,3534726223f5a24dedda4446fd202404",
                "l_arginase.fasta:md5,38d388cfc6ee9013eba4f693d104d6f0",
                "l_arginase.log:md5,a41135cfe024baaf42f135583fe73f0d",
                "l_arginase_after.tsv:md5,6c4fe965aa0905f437f3731ed8eed98e",
                "l_arginase_after_mqc.txt:md5,af14b7e79260ece0074d4ea82a3b3ce6",
                "l_arginase_before.tsv:md5,31a34ec0257053f34a449270f23d98ff",
                "l_arginase_before_mqc.txt:md5,7ab718f12ea5460f254b8c43cfd11040"
            ]
        ],
        "timestamp": "2026-03-13T09:46:09.474957",
        "meta": {
            "nf-test": "0.9.4",
            "nextflow": "25.10.4"
        }
    }
}