{
    "-profile test": {
        "content": [
            3,
            {
                "SEQKIT_STATS": {
                    "seqkit": "2.9.0"
                },
                "Workflow": {
                    "nf-core/proteinannotator": "v1.0.0dev"
                }
            },
            [
                "multiqc",
                "multiqc/multiqc_data",
                "multiqc/multiqc_data/llms-full.txt",
                "multiqc/multiqc_data/multiqc.log",
                "multiqc/multiqc_data/multiqc.parquet",
                "multiqc/multiqc_data/multiqc_citations.txt",
                "multiqc/multiqc_data/multiqc_data.json",
                "multiqc/multiqc_data/multiqc_software_versions.txt",
                "multiqc/multiqc_data/multiqc_sources.txt",
                "multiqc/multiqc_report.html",
                "pipeline_info",
                "pipeline_info/nf_core_proteinannotator_software_mqc_versions.yml",
                "seqkit",
                "seqkit/T1024.tsv",
                "seqkit/T1026.tsv"
            ],
            [
                "multiqc_citations.txt:md5,4c806e63a283ec1b7e78cdae3a923d4f",
                "T1024.tsv:md5,c8a3fd71b27b9455aa837e1d50026971",
                "T1026.tsv:md5,b028126e117cf0979b6f907cb20c6958"
            ]
        ],
        "meta": {
            "nf-test": "0.9.3",
            "nextflow": "25.10.2"
        },
        "timestamp": "2025-12-01T13:29:43.423448494"
    }
}