{
    "unifire - updateiprscanwithtaxonomiclineage - stub": {
        "content": [
            {
                "0": [
                    [
                        {
                            "id": "sample1"
                        },
                        "sample1_with_lineage.xml:md5,d41d8cd98f00b204e9800998ecf8427e"
                    ]
                ],
                "1": [
                    "versions.yml:md5,4f349a9bd552676585808dc198ae8402"
                ],
                "versions": [
                    "versions.yml:md5,4f349a9bd552676585808dc198ae8402"
                ],
                "xml": [
                    [
                        {
                            "id": "sample1"
                        },
                        "sample1_with_lineage.xml:md5,d41d8cd98f00b204e9800998ecf8427e"
                    ]
                ]
            }
        ],
        "meta": {
            "nf-test": "0.9.2",
            "nextflow": "25.04.2"
        },
        "timestamp": "2025-05-18T14:16:02.062343311"
    },
    "unifire - updateiprscanwithtaxonomiclineage": {
        "content": [
            {
                "0": [
                    [
                        {
                            "id": "sample1"
                        },
                        "sample1_with_lineage.xml:md5,2e7318815cfb70ccab2bb87347ea0f5e"
                    ]
                ],
                "1": [
                    "versions.yml:md5,36109f6abb3684777bcae8fbec554cb9"
                ],
                "versions": [
                    "versions.yml:md5,36109f6abb3684777bcae8fbec554cb9"
                ],
                "xml": [
                    [
                        {
                            "id": "sample1"
                        },
                        "sample1_with_lineage.xml:md5,2e7318815cfb70ccab2bb87347ea0f5e"
                    ]
                ]
            }
        ],
        "meta": {
            "nf-test": "0.9.2",
            "nextflow": "25.04.2"
        },
        "timestamp": "2025-05-23T19:35:55.677484369"
    }
}