{
    "versions": {
        "content": [
            [
                "versions.yml:md5,9fabe17275a444ef94e5e2dedcac4f32"
            ]
        ],
        "meta": {
            "nf-test": "0.9.2",
            "nextflow": "25.04.6"
        },
        "timestamp": "2025-08-07T11:39:03.033767638"
    },
    "Should download ncbi refseq 'other' zipped protein fasta": {
        "content": [
            {
                "0": [
                    "refseq_fasta.fa.gz:md5,05b2f82e0366f27ddfdbd9e7f51880c3"
                ],
                "1": [
                    "versions.yml:md5,9fabe17275a444ef94e5e2dedcac4f32"
                ],
                "refseq_fasta": [
                    "refseq_fasta.fa.gz:md5,05b2f82e0366f27ddfdbd9e7f51880c3"
                ],
                "versions": [
                    "versions.yml:md5,9fabe17275a444ef94e5e2dedcac4f32"
                ]
            }
        ],
        "meta": {
            "nf-test": "0.9.2",
            "nextflow": "25.04.6"
        },
        "timestamp": "2025-08-07T11:39:03.00481177"
    }
}