{
    "unifire - ARBA": {
        "content": [
            {
                "0": [
                    [
                        {
                            "id": "sample1"
                        },
                        "sample1_sample-arba-urml-2025_02_unifire.csv:md5,f9eb3219b2cc9f4178fd947a40868c97"
                    ]
                ],
                "1": [
                    "versions.yml:md5,c410fd32c281986ce8acaea9169b5170"
                ],
                "predictions": [
                    [
                        {
                            "id": "sample1"
                        },
                        "sample1_sample-arba-urml-2025_02_unifire.csv:md5,f9eb3219b2cc9f4178fd947a40868c97"
                    ]
                ],
                "versions": [
                    "versions.yml:md5,c410fd32c281986ce8acaea9169b5170"
                ]
            }
        ],
        "meta": {
            "nf-test": "0.9.2",
            "nextflow": "25.04.2"
        },
        "timestamp": "2025-05-27T18:27:34.367521466"
    },
    "unifire - unirule": {
        "content": [
            {
                "0": [
                    [
                        {
                            "id": "sample1"
                        },
                        "sample1_sample-unirule-urml-2025_02_unifire.csv:md5,e31aa470156c7d225f73c6954fe0db0e"
                    ]
                ],
                "1": [
                    "versions.yml:md5,c410fd32c281986ce8acaea9169b5170"
                ],
                "predictions": [
                    [
                        {
                            "id": "sample1"
                        },
                        "sample1_sample-unirule-urml-2025_02_unifire.csv:md5,e31aa470156c7d225f73c6954fe0db0e"
                    ]
                ],
                "versions": [
                    "versions.yml:md5,c410fd32c281986ce8acaea9169b5170"
                ]
            }
        ],
        "meta": {
            "nf-test": "0.9.2",
            "nextflow": "25.04.2"
        },
        "timestamp": "2025-05-27T18:29:01.180525284"
    },
    "unifire - ARBA - stub": {
        "content": [
            {
                "0": [
                    [
                        {
                            "id": "sample1"
                        },
                        "sample1_unifire.csv:md5,d41d8cd98f00b204e9800998ecf8427e"
                    ]
                ],
                "1": [
                    "versions.yml:md5,c410fd32c281986ce8acaea9169b5170"
                ],
                "predictions": [
                    [
                        {
                            "id": "sample1"
                        },
                        "sample1_unifire.csv:md5,d41d8cd98f00b204e9800998ecf8427e"
                    ]
                ],
                "versions": [
                    "versions.yml:md5,c410fd32c281986ce8acaea9169b5170"
                ]
            }
        ],
        "meta": {
            "nf-test": "0.9.2",
            "nextflow": "25.04.2"
        },
        "timestamp": "2025-05-18T14:14:25.197771816"
    },
    "unifire - unirule - stub": {
        "content": [
            {
                "0": [
                    [
                        {
                            "id": "sample1"
                        },
                        "sample1_unifire.csv:md5,d41d8cd98f00b204e9800998ecf8427e"
                    ]
                ],
                "1": [
                    "versions.yml:md5,c410fd32c281986ce8acaea9169b5170"
                ],
                "predictions": [
                    [
                        {
                            "id": "sample1"
                        },
                        "sample1_unifire.csv:md5,d41d8cd98f00b204e9800998ecf8427e"
                    ]
                ],
                "versions": [
                    "versions.yml:md5,c410fd32c281986ce8acaea9169b5170"
                ]
            }
        ],
        "meta": {
            "nf-test": "0.9.2",
            "nextflow": "25.04.2"
        },
        "timestamp": "2025-05-18T14:14:01.711475358"
    }
}
