{
    "Test FUNCTIONAL_ANNOTATION Diamond execution subworkflow success": {
        "content": [
            {
                "0": [
                    
                ],
                "1": [
                    
                ],
                "2": [
                    "versions.yml:md5,360c40011f1cc989e92af5ec14d367c8"
                ],
                "diamond_tsv": [
                    
                ],
                "interproscan_tsv": [
                    
                ],
                "versions": [
                    "versions.yml:md5,360c40011f1cc989e92af5ec14d367c8"
                ]
            }
        ],
        "timestamp": "2026-04-03T15:44:57.103678793",
        "meta": {
            "nf-test": "0.9.4",
            "nextflow": "25.10.4"
        }
    },
    "Test FUNCTIONAL_ANNOTATION Diamond execution subworkflow success - stub": {
        "content": [
            {
                "0": [
                    
                ],
                "1": [
                    
                ],
                "2": [
                    "versions.yml:md5,3679418d0b849be38d10435e4272ea4d"
                ],
                "diamond_tsv": [
                    
                ],
                "interproscan_tsv": [
                    
                ],
                "versions": [
                    "versions.yml:md5,3679418d0b849be38d10435e4272ea4d"
                ]
            }
        ],
        "timestamp": "2026-04-03T15:45:09.695642071",
        "meta": {
            "nf-test": "0.9.4",
            "nextflow": "25.10.4"
        }
    }
}