{
    "Test FUNCTIONAL_ANNOTATION Diamond execution subworkflow success": {
        "content": [
            {
                "0": [
                    
                ],
                "1": [
                    
                ],
                "2": [
                    "versions.yml:md5,a7c2e489f7420594e92efbbc61cb22f7"
                ],
                "diamond_tsv": [
                    
                ],
                "interproscan_tsv": [
                    
                ],
                "versions": [
                    "versions.yml:md5,a7c2e489f7420594e92efbbc61cb22f7"
                ]
            }
        ],
        "timestamp": "2026-04-06T17:44:46.474415007",
        "meta": {
            "nf-test": "0.9.4",
            "nextflow": "25.10.4"
        }
    },
    "Test FUNCTIONAL_ANNOTATION Diamond execution subworkflow success - stub": {
        "content": [
            {
                "0": [
                    
                ],
                "1": [
                    
                ],
                "2": [
                    "versions.yml:md5,0f07f649936a9d30bb0203870dc9c256"
                ],
                "diamond_tsv": [
                    
                ],
                "interproscan_tsv": [
                    
                ],
                "versions": [
                    "versions.yml:md5,0f07f649936a9d30bb0203870dc9c256"
                ]
            }
        ],
        "timestamp": "2026-04-06T17:45:00.005789225",
        "meta": {
            "nf-test": "0.9.4",
            "nextflow": "25.10.4"
        }
    }
}